2026-01-07 07:39:03.957 DEBUG [Launchkey_MK4_patched.mappings] Logger initialized. Log path: C:\ProgramData\Ableton\Live 12 Suite\Resources\MIDI Remote Scripts\Launchkey_MK4_patched\launchkey_mk4_mappings.log
2026-01-07 07:39:44.654 DEBUG [Launchkey_MK4_patched.mappings] ENTER create_launchkey_common_mappings(control_surface=<Launchkey_Mini_MK4_patched.Launchkey_Mini_MK4 object at 0x000000002473AA10>)
2026-01-07 07:39:44.654 DEBUG [Launchkey_MK4_patched.mappings] Initialized mappings dict
2026-01-07 07:39:44.654 DEBUG [Launchkey_MK4_patched.mappings] Configured mappings['View_Based_Recording']
2026-01-07 07:39:44.654 DEBUG [Launchkey_MK4_patched.mappings] Configured mappings['Scale']
2026-01-07 07:39:44.654 DEBUG [Launchkey_MK4_patched.mappings] Configured mappings['Keyboard']
2026-01-07 07:39:44.654 DEBUG [Launchkey_MK4_patched.mappings] Configured mappings['Encoder_Touch']
2026-01-07 07:39:44.655 DEBUG [Launchkey_MK4_patched.mappings] Configured mappings['Lower_Pad_Modes']
2026-01-07 07:39:44.660 DEBUG [Launchkey_MK4_patched.mappings] Configured mappings['Sequencer_Modes']
2026-01-07 07:39:44.660 DEBUG [Launchkey_MK4_patched.mappings] Configured mappings['Daw_Pad_Modes']
2026-01-07 07:39:44.660 DEBUG [Launchkey_MK4_patched.mappings] Configured mappings['Main_Pad_Modes']
2026-01-07 07:39:44.660 DEBUG [Launchkey_MK4_patched.mappings] Configured mappings['Mixer_Encoder_Modes']
2026-01-07 07:39:44.660 DEBUG [Launchkey_MK4_patched.mappings] ENTER set_relative_encoder_mode(control_surface=<Launchkey_Mini_MK4_patched.Launchkey_Mini_MK4 object at 0x000000002473AA10>)
2026-01-07 07:39:44.660 DEBUG [Launchkey_MK4_patched.mappings] RETURN set_relative_encoder_mode._send closure
2026-01-07 07:39:44.660 DEBUG [Launchkey_MK4_patched.mappings] ENTER make_relative_encoder_mode_behavior(control_surface=<Launchkey_Mini_MK4_patched.Launchkey_Mini_MK4 object at 0x000000002473AA10>)
2026-01-07 07:39:44.660 DEBUG [Launchkey_MK4_patched.mappings] Creating reenter behaviour with ImmediateBehaviour and on_reenter=set_relative_encoder_mode(...)
2026-01-07 07:39:44.660 DEBUG [Launchkey_MK4_patched.mappings] ENTER set_relative_encoder_mode(control_surface=<Launchkey_Mini_MK4_patched.Launchkey_Mini_MK4 object at 0x000000002473AA10>)
2026-01-07 07:39:44.660 DEBUG [Launchkey_MK4_patched.mappings] RETURN set_relative_encoder_mode._send closure
2026-01-07 07:39:44.660 DEBUG [Launchkey_MK4_patched.mappings] Reenter behaviour created: <ableton.v2.base.util.Mixin_ReenterBehaviourMixin_ImmediateBehaviour object at 0x000000004A4DA550>
2026-01-07 07:39:44.660 DEBUG [Launchkey_MK4_patched.mappings] ENTER set_relative_encoder_mode(control_surface=<Launchkey_Mini_MK4_patched.Launchkey_Mini_MK4 object at 0x000000002473AA10>)
2026-01-07 07:39:44.660 DEBUG [Launchkey_MK4_patched.mappings] RETURN set_relative_encoder_mode._send closure
2026-01-07 07:39:44.661 DEBUG [Launchkey_MK4_patched.mappings] ENTER make_relative_encoder_mode_behavior(control_surface=<Launchkey_Mini_MK4_patched.Launchkey_Mini_MK4 object at 0x000000002473AA10>)
2026-01-07 07:39:44.661 DEBUG [Launchkey_MK4_patched.mappings] Creating reenter behaviour with ImmediateBehaviour and on_reenter=set_relative_encoder_mode(...)
2026-01-07 07:39:44.661 DEBUG [Launchkey_MK4_patched.mappings] ENTER set_relative_encoder_mode(control_surface=<Launchkey_Mini_MK4_patched.Launchkey_Mini_MK4 object at 0x000000002473AA10>)
2026-01-07 07:39:44.661 DEBUG [Launchkey_MK4_patched.mappings] RETURN set_relative_encoder_mode._send closure
2026-01-07 07:39:44.661 DEBUG [Launchkey_MK4_patched.mappings] Reenter behaviour created: <ableton.v2.base.util.Mixin_ReenterBehaviourMixin_ImmediateBehaviour object at 0x000000004A4DA950>
2026-01-07 07:39:44.661 DEBUG [Launchkey_MK4_patched.mappings] ENTER set_relative_encoder_mode(control_surface=<Launchkey_Mini_MK4_patched.Launchkey_Mini_MK4 object at 0x000000002473AA10>)
2026-01-07 07:39:44.661 DEBUG [Launchkey_MK4_patched.mappings] RETURN set_relative_encoder_mode._send closure
2026-01-07 07:39:44.661 DEBUG [Launchkey_MK4_patched.mappings] ENTER make_relative_encoder_mode_behavior(control_surface=<Launchkey_Mini_MK4_patched.Launchkey_Mini_MK4 object at 0x000000002473AA10>)
2026-01-07 07:39:44.661 DEBUG [Launchkey_MK4_patched.mappings] Creating reenter behaviour with ImmediateBehaviour and on_reenter=set_relative_encoder_mode(...)
2026-01-07 07:39:44.662 DEBUG [Launchkey_MK4_patched.mappings] ENTER set_relative_encoder_mode(control_surface=<Launchkey_Mini_MK4_patched.Launchkey_Mini_MK4 object at 0x000000002473AA10>)
2026-01-07 07:39:44.662 DEBUG [Launchkey_MK4_patched.mappings] RETURN set_relative_encoder_mode._send closure
2026-01-07 07:39:44.662 DEBUG [Launchkey_MK4_patched.mappings] Reenter behaviour created: <ableton.v2.base.util.Mixin_ReenterBehaviourMixin_ImmediateBehaviour object at 0x000000004A4DABD0>
2026-01-07 07:39:44.662 DEBUG [Launchkey_MK4_patched.mappings] Configured mappings['Main_Encoder_Modes']
2026-01-07 07:39:44.662 DEBUG [Launchkey_MK4_patched.mappings] ENTER activate_note_settings(control_surface=<Launchkey_Mini_MK4_patched.Launchkey_Mini_MK4 object at 0x000000002473AA10>)
2026-01-07 07:39:44.662 DEBUG [Launchkey_MK4_patched.mappings] Resolving note_editor: component_map['Step_Sequence'].note_editor
2026-01-07 07:39:44.664 DEBUG [Launchkey_MK4_patched.mappings] note_editor resolved: <Launchkey_MK4_patched.note_editor.NoteEditorComponent object at 0x00000000247F3F50>
2026-01-07 07:39:44.665 DEBUG [Launchkey_MK4_patched.mappings] RETURN activate_note_settings.inner closure
2026-01-07 07:39:44.665 DEBUG [Launchkey_MK4_patched.mappings] Configured mappings['Note_Settings_Modes']
2026-01-07 07:39:44.665 DEBUG [Launchkey_MK4_patched.mappings] RETURN create_launchkey_common_mappings mappings (keys=['View_Based_Recording', 'Scale', 'Keyboard', 'Encoder_Touch', 'Lower_Pad_Modes', 'Sequencer_Modes', 'Daw_Pad_Modes', 'Main_Pad_Modes', 'Mixer_Encoder_Modes', 'Main_Encoder_Modes', 'Note_Settings_Modes'])
2026-01-07 07:39:44.690 DEBUG [Launchkey_MK4_patched.mappings] ENTER activate_note_settings.inner(modes=<ableton.v3.control_surface.mode.modes.ModesComponent object at 0x000000004A51CE90>, mode_name='active')
2026-01-07 07:39:44.690 DEBUG [Launchkey_MK4_patched.mappings] Resolving encoder_modes: component_map['Main_Encoder_Modes']
2026-01-07 07:39:44.690 DEBUG [Launchkey_MK4_patched.mappings] encoder_modes resolved: <Launchkey_MK4_patched.launchkey_modes.LaunchkeyModesComponent object at 0x000000004A51CB10>
2026-01-07 07:39:44.690 DEBUG [Launchkey_MK4_patched.mappings] Registering slot: note_editor 'active_steps' -> on_event
2026-01-07 07:39:44.690 DEBUG [Launchkey_MK4_patched.mappings] Slot registered successfully
2026-01-07 07:39:44.690 DEBUG [Launchkey_MK4_patched.mappings] CALL _note_settings_inactive -> schedule_message(delay=0.3, cancel_temp_screens, elements)
2026-01-07 07:39:45.549 DEBUG [Launchkey_MK4_patched.mappings] ENTER set_relative_encoder_mode._send(); sending SET_RELATIVE_ENCODER_MODE=(182, 69, 127)
2026-01-07 07:39:45.550 DEBUG [Launchkey_MK4_patched.mappings] send_midi(SET_RELATIVE_ENCODER_MODE) completed
2026-01-07 07:40:14.429 DEBUG [Launchkey_MK4_patched.mappings] CALL _cycle_daw_pad_modes -> component_map['Daw_Pad_Modes'].cycle_mode()
2026-01-07 07:40:14.430 DEBUG [Launchkey_MK4_patched.mappings] CALL _set_playhead_disabled -> set_playhead_enabled(False)
2026-01-07 07:40:14.431 DEBUG [Launchkey_MK4_patched.mappings] ENTER set_playhead_enabled(control_surface=<Launchkey_Mini_MK4_patched.Launchkey_Mini_MK4 object at 0x000000002473AA10>, enabled=False)
2026-01-07 07:40:14.431 DEBUG [Launchkey_MK4_patched.mappings] Step_Sequence resolved: <Launchkey_MK4_patched.step_sequence.StepSequenceComponent object at 0x000000004A4DAFD0>
2026-01-07 07:40:14.431 DEBUG [Launchkey_MK4_patched.mappings] Step_Sequence.playhead resolved: <ableton.v3.control_surface.components.bar_based_sequence.PlayheadComponent object at 0x0000000024739690>
2026-01-07 07:40:14.431 DEBUG [Launchkey_MK4_patched.mappings] Calling Step_Sequence.playhead.set_enabled(False)
2026-01-07 07:40:14.431 DEBUG [Launchkey_MK4_patched.mappings] Step_Sequence.playhead.set_enabled(False) completed
2026-01-07 07:40:17.782 DEBUG [Launchkey_MK4_patched.mappings] ENTER activate_note_settings.inner.on_event(); active_steps=[(0.0, 0.25)]
2026-01-07 07:40:17.782 DEBUG [Launchkey_MK4_patched.mappings] Mode check: modes.selected_mode='inactive' encoder_modes.selected_mode='plugin' target='active'
2026-01-07 07:40:17.782 DEBUG [Launchkey_MK4_patched.mappings] Pushing mode 'active' with delay=0.3
2026-01-07 07:40:17.814 DEBUG [Launchkey_MK4_patched.mappings] ENTER activate_note_settings.inner.on_event(); active_steps=[]
2026-01-07 07:40:17.814 DEBUG [Launchkey_MK4_patched.mappings] No active_steps -> modes.pop_mode('active')
2026-01-07 07:40:28.578 DEBUG [Launchkey_MK4_patched.mappings] ENTER activate_note_settings.inner.on_event(); active_steps=[(1.0, 1.25)]
2026-01-07 07:40:28.578 DEBUG [Launchkey_MK4_patched.mappings] Mode check: modes.selected_mode='inactive' encoder_modes.selected_mode='plugin' target='active'
2026-01-07 07:40:28.578 DEBUG [Launchkey_MK4_patched.mappings] Pushing mode 'active' with delay=0.3
2026-01-07 07:40:28.711 DEBUG [Launchkey_MK4_patched.mappings] ENTER activate_note_settings.inner.on_event(); active_steps=[]
2026-01-07 07:40:28.711 DEBUG [Launchkey_MK4_patched.mappings] No active_steps -> modes.pop_mode('active')
2026-01-07 07:40:29.212 DEBUG [Launchkey_MK4_patched.mappings] ENTER activate_note_settings.inner.on_event(); active_steps=[(2.0, 2.25)]
2026-01-07 07:40:29.212 DEBUG [Launchkey_MK4_patched.mappings] Mode check: modes.selected_mode='inactive' encoder_modes.selected_mode='plugin' target='active'
2026-01-07 07:40:29.212 DEBUG [Launchkey_MK4_patched.mappings] Pushing mode 'active' with delay=0.3
2026-01-07 07:40:29.396 DEBUG [Launchkey_MK4_patched.mappings] ENTER activate_note_settings.inner.on_event(); active_steps=[]
2026-01-07 07:40:29.396 DEBUG [Launchkey_MK4_patched.mappings] No active_steps -> modes.pop_mode('active')
2026-01-07 07:40:29.546 DEBUG [Launchkey_MK4_patched.mappings] ENTER activate_note_settings.inner.on_event(); active_steps=[(3.0, 3.25)]
2026-01-07 07:40:29.546 DEBUG [Launchkey_MK4_patched.mappings] Mode check: modes.selected_mode='inactive' encoder_modes.selected_mode='plugin' target='active'
2026-01-07 07:40:29.546 DEBUG [Launchkey_MK4_patched.mappings] Pushing mode 'active' with delay=0.3
2026-01-07 07:40:29.713 DEBUG [Launchkey_MK4_patched.mappings] ENTER activate_note_settings.inner.on_event(); active_steps=[]
2026-01-07 07:40:29.713 DEBUG [Launchkey_MK4_patched.mappings] No active_steps -> modes.pop_mode('active')
2026-01-07 07:40:50.525 DEBUG [Launchkey_MK4_patched.mappings] ENTER activate_note_settings.inner.on_event(); active_steps=[(0.0, 0.25)]
2026-01-07 07:40:50.525 DEBUG [Launchkey_MK4_patched.mappings] Mode check: modes.selected_mode='inactive' encoder_modes.selected_mode='plugin' target='active'
2026-01-07 07:40:50.525 DEBUG [Launchkey_MK4_patched.mappings] Pushing mode 'active' with delay=0.3
2026-01-07 07:40:50.698 DEBUG [Launchkey_MK4_patched.mappings] ENTER activate_note_settings.inner.on_event(); active_steps=[]
2026-01-07 07:40:50.698 DEBUG [Launchkey_MK4_patched.mappings] No active_steps -> modes.pop_mode('active')
2026-01-07 07:40:50.978 DEBUG [Launchkey_MK4_patched.mappings] ENTER activate_note_settings.inner.on_event(); active_steps=[(1.0, 1.25)]
2026-01-07 07:40:50.979 DEBUG [Launchkey_MK4_patched.mappings] Mode check: modes.selected_mode='inactive' encoder_modes.selected_mode='plugin' target='active'
2026-01-07 07:40:50.979 DEBUG [Launchkey_MK4_patched.mappings] Pushing mode 'active' with delay=0.3
2026-01-07 07:40:51.145 DEBUG [Launchkey_MK4_patched.mappings] ENTER activate_note_settings.inner.on_event(); active_steps=[]
2026-01-07 07:40:51.146 DEBUG [Launchkey_MK4_patched.mappings] No active_steps -> modes.pop_mode('active')
2026-01-07 07:40:51.527 DEBUG [Launchkey_MK4_patched.mappings] ENTER activate_note_settings.inner.on_event(); active_steps=[(2.0, 2.25)]
2026-01-07 07:40:51.528 DEBUG [Launchkey_MK4_patched.mappings] Mode check: modes.selected_mode='inactive' encoder_modes.selected_mode='plugin' target='active'
2026-01-07 07:40:51.528 DEBUG [Launchkey_MK4_patched.mappings] Pushing mode 'active' with delay=0.3
2026-01-07 07:40:51.712 DEBUG [Launchkey_MK4_patched.mappings] ENTER activate_note_settings.inner.on_event(); active_steps=[]
2026-01-07 07:40:51.712 DEBUG [Launchkey_MK4_patched.mappings] No active_steps -> modes.pop_mode('active')
2026-01-07 07:40:51.928 DEBUG [Launchkey_MK4_patched.mappings] ENTER activate_note_settings.inner.on_event(); active_steps=[(3.0, 3.25)]
2026-01-07 07:40:51.928 DEBUG [Launchkey_MK4_patched.mappings] Mode check: modes.selected_mode='inactive' encoder_modes.selected_mode='plugin' target='active'
2026-01-07 07:40:51.928 DEBUG [Launchkey_MK4_patched.mappings] Pushing mode 'active' with delay=0.3
2026-01-07 07:40:52.078 DEBUG [Launchkey_MK4_patched.mappings] ENTER activate_note_settings.inner.on_event(); active_steps=[]
2026-01-07 07:40:52.078 DEBUG [Launchkey_MK4_patched.mappings] No active_steps -> modes.pop_mode('active')
2026-01-07 07:40:53.627 DEBUG [Launchkey_MK4_patched.mappings] ENTER activate_note_settings.inner.on_event(); active_steps=[(0.0, 0.25)]
2026-01-07 07:40:53.628 DEBUG [Launchkey_MK4_patched.mappings] Mode check: modes.selected_mode='inactive' encoder_modes.selected_mode='plugin' target='active'
2026-01-07 07:40:53.628 DEBUG [Launchkey_MK4_patched.mappings] Pushing mode 'active' with delay=0.3
2026-01-07 07:40:53.780 DEBUG [Launchkey_MK4_patched.mappings] ENTER activate_note_settings.inner.on_event(); active_steps=[]
2026-01-07 07:40:53.780 DEBUG [Launchkey_MK4_patched.mappings] No active_steps -> modes.pop_mode('active')
2026-01-07 07:40:54.145 DEBUG [Launchkey_MK4_patched.mappings] ENTER activate_note_settings.inner.on_event(); active_steps=[(1.0, 1.25)]
2026-01-07 07:40:54.145 DEBUG [Launchkey_MK4_patched.mappings] Mode check: modes.selected_mode='inactive' encoder_modes.selected_mode='plugin' target='active'
2026-01-07 07:40:54.145 DEBUG [Launchkey_MK4_patched.mappings] Pushing mode 'active' with delay=0.3
2026-01-07 07:40:54.344 DEBUG [Launchkey_MK4_patched.mappings] ENTER activate_note_settings.inner.on_event(); active_steps=[]
2026-01-07 07:40:54.344 DEBUG [Launchkey_MK4_patched.mappings] No active_steps -> modes.pop_mode('active')
2026-01-07 07:40:54.513 DEBUG [Launchkey_MK4_patched.mappings] ENTER activate_note_settings.inner.on_event(); active_steps=[(2.0, 2.25)]
2026-01-07 07:40:54.513 DEBUG [Launchkey_MK4_patched.mappings] Mode check: modes.selected_mode='inactive' encoder_modes.selected_mode='plugin' target='active'
2026-01-07 07:40:54.513 DEBUG [Launchkey_MK4_patched.mappings] Pushing mode 'active' with delay=0.3
2026-01-07 07:40:54.812 DEBUG [Launchkey_MK4_patched.mappings] ENTER activate_note_settings.inner.on_event(); active_steps=[]
2026-01-07 07:40:54.812 DEBUG [Launchkey_MK4_patched.mappings] No active_steps -> modes.pop_mode('active')
2026-01-07 07:40:55.210 DEBUG [Launchkey_MK4_patched.mappings] ENTER activate_note_settings.inner.on_event(); active_steps=[(3.0, 3.25)]
2026-01-07 07:40:55.211 DEBUG [Launchkey_MK4_patched.mappings] Mode check: modes.selected_mode='inactive' encoder_modes.selected_mode='plugin' target='active'
2026-01-07 07:40:55.211 DEBUG [Launchkey_MK4_patched.mappings] Pushing mode 'active' with delay=0.3
2026-01-07 07:40:55.380 DEBUG [Launchkey_MK4_patched.mappings] ENTER activate_note_settings.inner.on_event(); active_steps=[]
2026-01-07 07:40:55.380 DEBUG [Launchkey_MK4_patched.mappings] No active_steps -> modes.pop_mode('active')
2026-01-07 07:40:56.343 DEBUG [Launchkey_MK4_patched.mappings] ENTER activate_note_settings.inner.on_event(); active_steps=[(0.0, 0.25)]
2026-01-07 07:40:56.343 DEBUG [Launchkey_MK4_patched.mappings] Mode check: modes.selected_mode='inactive' encoder_modes.selected_mode='plugin' target='active'
2026-01-07 07:40:56.343 DEBUG [Launchkey_MK4_patched.mappings] Pushing mode 'active' with delay=0.3
2026-01-07 07:40:56.543 DEBUG [Launchkey_MK4_patched.mappings] ENTER activate_note_settings.inner.on_event(); active_steps=[(0.0, 0.25), (1.0, 1.25)]
2026-01-07 07:40:56.543 DEBUG [Launchkey_MK4_patched.mappings] Mode check: modes.selected_mode='inactive' encoder_modes.selected_mode='plugin' target='active'
2026-01-07 07:40:56.543 DEBUG [Launchkey_MK4_patched.mappings] Pushing mode 'active' with delay=0.3
2026-01-07 07:40:56.646 DEBUG [Launchkey_MK4_patched.mappings] ENTER activate_note_settings.inner.on_event(); active_steps=[(1.0, 1.25)]
2026-01-07 07:40:56.646 DEBUG [Launchkey_MK4_patched.mappings] Mode check: modes.selected_mode='inactive' encoder_modes.selected_mode='plugin' target='active'
2026-01-07 07:40:56.646 DEBUG [Launchkey_MK4_patched.mappings] Pushing mode 'active' with delay=0.3
2026-01-07 07:40:56.730 DEBUG [Launchkey_MK4_patched.mappings] ENTER activate_note_settings.inner.on_event(); active_steps=[]
2026-01-07 07:40:56.730 DEBUG [Launchkey_MK4_patched.mappings] No active_steps -> modes.pop_mode('active')
2026-01-07 07:40:56.795 DEBUG [Launchkey_MK4_patched.mappings] ENTER activate_note_settings.inner.on_event(); active_steps=[(2.0, 2.25)]
2026-01-07 07:40:56.795 DEBUG [Launchkey_MK4_patched.mappings] Mode check: modes.selected_mode='inactive' encoder_modes.selected_mode='plugin' target='active'
2026-01-07 07:40:56.795 DEBUG [Launchkey_MK4_patched.mappings] Pushing mode 'active' with delay=0.3
2026-01-07 07:40:56.994 DEBUG [Launchkey_MK4_patched.mappings] ENTER activate_note_settings.inner.on_event(); active_steps=[(2.0, 2.25), (3.0, 3.25)]
2026-01-07 07:40:56.994 DEBUG [Launchkey_MK4_patched.mappings] Mode check: modes.selected_mode='inactive' encoder_modes.selected_mode='plugin' target='active'
2026-01-07 07:40:56.994 DEBUG [Launchkey_MK4_patched.mappings] Pushing mode 'active' with delay=0.3
2026-01-07 07:40:57.095 DEBUG [Launchkey_MK4_patched.mappings] ENTER activate_note_settings.inner.on_event(); active_steps=[(3.0, 3.25)]
2026-01-07 07:40:57.096 DEBUG [Launchkey_MK4_patched.mappings] Mode check: modes.selected_mode='inactive' encoder_modes.selected_mode='plugin' target='active'
2026-01-07 07:40:57.096 DEBUG [Launchkey_MK4_patched.mappings] Pushing mode 'active' with delay=0.3
2026-01-07 07:40:57.160 DEBUG [Launchkey_MK4_patched.mappings] ENTER activate_note_settings.inner.on_event(); active_steps=[]
2026-01-07 07:40:57.161 DEBUG [Launchkey_MK4_patched.mappings] No active_steps -> modes.pop_mode('active')
2026-01-07 07:41:00.344 DEBUG [Launchkey_MK4_patched.mappings] ENTER activate_note_settings.inner.on_event(); active_steps=[(2.0, 2.25)]
2026-01-07 07:41:00.344 DEBUG [Launchkey_MK4_patched.mappings] Mode check: modes.selected_mode='inactive' encoder_modes.selected_mode='plugin' target='active'
2026-01-07 07:41:00.344 DEBUG [Launchkey_MK4_patched.mappings] Pushing mode 'active' with delay=0.3
2026-01-07 07:41:00.477 DEBUG [Launchkey_MK4_patched.mappings] ENTER activate_note_settings.inner.on_event(); active_steps=[(2.0, 2.25), (3.0, 3.25)]
2026-01-07 07:41:00.478 DEBUG [Launchkey_MK4_patched.mappings] Mode check: modes.selected_mode='inactive' encoder_modes.selected_mode='plugin' target='active'
2026-01-07 07:41:00.478 DEBUG [Launchkey_MK4_patched.mappings] Pushing mode 'active' with delay=0.3
2026-01-07 07:41:00.612 DEBUG [Launchkey_MK4_patched.mappings] ENTER activate_note_settings.inner.on_event(); active_steps=[(3.0, 3.25)]
2026-01-07 07:41:00.612 DEBUG [Launchkey_MK4_patched.mappings] Mode check: modes.selected_mode='inactive' encoder_modes.selected_mode='plugin' target='active'
2026-01-07 07:41:00.612 DEBUG [Launchkey_MK4_patched.mappings] Pushing mode 'active' with delay=0.3
2026-01-07 07:41:00.678 DEBUG [Launchkey_MK4_patched.mappings] ENTER activate_note_settings.inner.on_event(); active_steps=[]
2026-01-07 07:41:00.678 DEBUG [Launchkey_MK4_patched.mappings] No active_steps -> modes.pop_mode('active')
2026-01-07 07:41:00.766 DEBUG [Launchkey_MK4_patched.mappings] ENTER activate_note_settings.inner.on_event(); active_steps=[(0.0, 0.25)]
2026-01-07 07:41:00.766 DEBUG [Launchkey_MK4_patched.mappings] Mode check: modes.selected_mode='inactive' encoder_modes.selected_mode='plugin' target='active'
2026-01-07 07:41:00.766 DEBUG [Launchkey_MK4_patched.mappings] Pushing mode 'active' with delay=0.3
2026-01-07 07:41:00.895 DEBUG [Launchkey_MK4_patched.mappings] ENTER activate_note_settings.inner.on_event(); active_steps=[(0.0, 0.25), (1.0, 1.25)]
2026-01-07 07:41:00.895 DEBUG [Launchkey_MK4_patched.mappings] Mode check: modes.selected_mode='inactive' encoder_modes.selected_mode='plugin' target='active'
2026-01-07 07:41:00.895 DEBUG [Launchkey_MK4_patched.mappings] Pushing mode 'active' with delay=0.3
2026-01-07 07:41:00.995 DEBUG [Launchkey_MK4_patched.mappings] ENTER activate_note_settings.inner.on_event(); active_steps=[(1.0, 1.25)]
2026-01-07 07:41:00.996 DEBUG [Launchkey_MK4_patched.mappings] Mode check: modes.selected_mode='inactive' encoder_modes.selected_mode='plugin' target='active'
2026-01-07 07:41:00.996 DEBUG [Launchkey_MK4_patched.mappings] Pushing mode 'active' with delay=0.3
2026-01-07 07:41:01.078 DEBUG [Launchkey_MK4_patched.mappings] ENTER activate_note_settings.inner.on_event(); active_steps=[]
2026-01-07 07:41:01.078 DEBUG [Launchkey_MK4_patched.mappings] No active_steps -> modes.pop_mode('active')
2026-01-07 07:41:21.942 DEBUG [Launchkey_MK4_patched.mappings] ENTER activate_note_settings.inner.on_event(); active_steps=[(0.0, 0.25)]
2026-01-07 07:41:21.942 DEBUG [Launchkey_MK4_patched.mappings] Mode check: modes.selected_mode='inactive' encoder_modes.selected_mode='plugin' target='active'
2026-01-07 07:41:21.942 DEBUG [Launchkey_MK4_patched.mappings] Pushing mode 'active' with delay=0.3
2026-01-07 07:41:22.161 DEBUG [Launchkey_MK4_patched.mappings] ENTER activate_note_settings.inner.on_event(); active_steps=[]
2026-01-07 07:41:22.161 DEBUG [Launchkey_MK4_patched.mappings] No active_steps -> modes.pop_mode('active')
2026-01-07 07:41:22.311 DEBUG [Launchkey_MK4_patched.mappings] ENTER activate_note_settings.inner.on_event(); active_steps=[(1.0, 1.25)]
2026-01-07 07:41:22.311 DEBUG [Launchkey_MK4_patched.mappings] Mode check: modes.selected_mode='inactive' encoder_modes.selected_mode='plugin' target='active'
2026-01-07 07:41:22.311 DEBUG [Launchkey_MK4_patched.mappings] Pushing mode 'active' with delay=0.3
2026-01-07 07:41:22.494 DEBUG [Launchkey_MK4_patched.mappings] ENTER activate_note_settings.inner.on_event(); active_steps=[]
2026-01-07 07:41:22.494 DEBUG [Launchkey_MK4_patched.mappings] No active_steps -> modes.pop_mode('active')
2026-01-07 07:41:22.542 DEBUG [Launchkey_MK4_patched.mappings] ENTER activate_note_settings.inner.on_event(); active_steps=[(2.0, 2.25)]
2026-01-07 07:41:22.542 DEBUG [Launchkey_MK4_patched.mappings] Mode check: modes.selected_mode='inactive' encoder_modes.selected_mode='plugin' target='active'
2026-01-07 07:41:22.542 DEBUG [Launchkey_MK4_patched.mappings] Pushing mode 'active' with delay=0.3
2026-01-07 07:41:22.695 DEBUG [Launchkey_MK4_patched.mappings] ENTER activate_note_settings.inner.on_event(); active_steps=[(2.0, 2.25), (3.0, 3.25)]
2026-01-07 07:41:22.695 DEBUG [Launchkey_MK4_patched.mappings] Mode check: modes.selected_mode='inactive' encoder_modes.selected_mode='plugin' target='active'
2026-01-07 07:41:22.695 DEBUG [Launchkey_MK4_patched.mappings] Pushing mode 'active' with delay=0.3
2026-01-07 07:41:22.745 DEBUG [Launchkey_MK4_patched.mappings] ENTER activate_note_settings.inner.on_event(); active_steps=[(3.0, 3.25)]
2026-01-07 07:41:22.745 DEBUG [Launchkey_MK4_patched.mappings] Mode check: modes.selected_mode='inactive' encoder_modes.selected_mode='plugin' target='active'
2026-01-07 07:41:22.745 DEBUG [Launchkey_MK4_patched.mappings] Pushing mode 'active' with delay=0.3
2026-01-07 07:41:22.878 DEBUG [Launchkey_MK4_patched.mappings] ENTER activate_note_settings.inner.on_event(); active_steps=[]
2026-01-07 07:41:22.878 DEBUG [Launchkey_MK4_patched.mappings] No active_steps -> modes.pop_mode('active')
2026-01-07 07:41:23.643 DEBUG [Launchkey_MK4_patched.mappings] ENTER activate_note_settings.inner.on_event(); active_steps=[(2.0, 2.25)]
2026-01-07 07:41:23.643 DEBUG [Launchkey_MK4_patched.mappings] Mode check: modes.selected_mode='inactive' encoder_modes.selected_mode='plugin' target='active'
2026-01-07 07:41:23.643 DEBUG [Launchkey_MK4_patched.mappings] Pushing mode 'active' with delay=0.3
2026-01-07 07:41:23.710 DEBUG [Launchkey_MK4_patched.mappings] ENTER activate_note_settings.inner.on_event(); active_steps=[(0.0, 0.25), (2.0, 2.25)]
2026-01-07 07:41:23.710 DEBUG [Launchkey_MK4_patched.mappings] Mode check: modes.selected_mode='inactive' encoder_modes.selected_mode='plugin' target='active'
2026-01-07 07:41:23.710 DEBUG [Launchkey_MK4_patched.mappings] Pushing mode 'active' with delay=0.3
2026-01-07 07:41:23.877 DEBUG [Launchkey_MK4_patched.mappings] ENTER activate_note_settings.inner.on_event(); active_steps=[(0.0, 0.25)]
2026-01-07 07:41:23.878 DEBUG [Launchkey_MK4_patched.mappings] Mode check: modes.selected_mode='inactive' encoder_modes.selected_mode='plugin' target='active'
2026-01-07 07:41:23.878 DEBUG [Launchkey_MK4_patched.mappings] Pushing mode 'active' with delay=0.3
2026-01-07 07:41:23.928 DEBUG [Launchkey_MK4_patched.mappings] ENTER activate_note_settings.inner.on_event(); active_steps=[]
2026-01-07 07:41:23.928 DEBUG [Launchkey_MK4_patched.mappings] No active_steps -> modes.pop_mode('active')
2026-01-07 07:41:23.977 DEBUG [Launchkey_MK4_patched.mappings] ENTER activate_note_settings.inner.on_event(); active_steps=[(1.0, 1.25)]
2026-01-07 07:41:23.977 DEBUG [Launchkey_MK4_patched.mappings] Mode check: modes.selected_mode='inactive' encoder_modes.selected_mode='plugin' target='active'
2026-01-07 07:41:23.977 DEBUG [Launchkey_MK4_patched.mappings] Pushing mode 'active' with delay=0.3
2026-01-07 07:41:24.128 DEBUG [Launchkey_MK4_patched.mappings] ENTER activate_note_settings.inner.on_event(); active_steps=[]
2026-01-07 07:41:24.128 DEBUG [Launchkey_MK4_patched.mappings] No active_steps -> modes.pop_mode('active')
2026-01-07 07:41:24.159 DEBUG [Launchkey_MK4_patched.mappings] ENTER activate_note_settings.inner.on_event(); active_steps=[(3.0, 3.25)]
2026-01-07 07:41:24.160 DEBUG [Launchkey_MK4_patched.mappings] Mode check: modes.selected_mode='inactive' encoder_modes.selected_mode='plugin' target='active'
2026-01-07 07:41:24.160 DEBUG [Launchkey_MK4_patched.mappings] Pushing mode 'active' with delay=0.3
2026-01-07 07:41:24.344 DEBUG [Launchkey_MK4_patched.mappings] ENTER activate_note_settings.inner.on_event(); active_steps=[]
2026-01-07 07:41:24.344 DEBUG [Launchkey_MK4_patched.mappings] No active_steps -> modes.pop_mode('active')
2026-01-07 07:41:24.926 DEBUG [Launchkey_MK4_patched.mappings] ENTER activate_note_settings.inner.on_event(); active_steps=[(2.0, 2.25)]
2026-01-07 07:41:24.926 DEBUG [Launchkey_MK4_patched.mappings] Mode check: modes.selected_mode='inactive' encoder_modes.selected_mode='plugin' target='active'
2026-01-07 07:41:24.927 DEBUG [Launchkey_MK4_patched.mappings] Pushing mode 'active' with delay=0.3
2026-01-07 07:41:24.976 DEBUG [Launchkey_MK4_patched.mappings] ENTER activate_note_settings.inner.on_event(); active_steps=[(0.0, 0.25), (2.0, 2.25)]
2026-01-07 07:41:24.976 DEBUG [Launchkey_MK4_patched.mappings] Mode check: modes.selected_mode='inactive' encoder_modes.selected_mode='plugin' target='active'
2026-01-07 07:41:24.976 DEBUG [Launchkey_MK4_patched.mappings] Pushing mode 'active' with delay=0.3
2026-01-07 07:41:25.177 DEBUG [Launchkey_MK4_patched.mappings] ENTER activate_note_settings.inner.on_event(); active_steps=[(2.0, 2.25)]
2026-01-07 07:41:25.177 DEBUG [Launchkey_MK4_patched.mappings] Mode check: modes.selected_mode='inactive' encoder_modes.selected_mode='plugin' target='active'
2026-01-07 07:41:25.177 DEBUG [Launchkey_MK4_patched.mappings] Pushing mode 'active' with delay=0.3
2026-01-07 07:41:25.266 DEBUG [Launchkey_MK4_patched.mappings] ENTER activate_note_settings.inner.on_event(); active_steps=[]
2026-01-07 07:41:25.266 DEBUG [Launchkey_MK4_patched.mappings] No active_steps -> modes.pop_mode('active')
2026-01-07 07:41:25.443 DEBUG [Launchkey_MK4_patched.mappings] ENTER activate_note_settings.inner.on_event(); active_steps=[(1.0, 1.25)]
2026-01-07 07:41:25.444 DEBUG [Launchkey_MK4_patched.mappings] Mode check: modes.selected_mode='inactive' encoder_modes.selected_mode='plugin' target='active'
2026-01-07 07:41:25.444 DEBUG [Launchkey_MK4_patched.mappings] Pushing mode 'active' with delay=0.3
2026-01-07 07:41:25.576 DEBUG [Launchkey_MK4_patched.mappings] ENTER activate_note_settings.inner.on_event(); active_steps=[(1.0, 1.25), (3.0, 3.25)]
2026-01-07 07:41:25.576 DEBUG [Launchkey_MK4_patched.mappings] Mode check: modes.selected_mode='inactive' encoder_modes.selected_mode='plugin' target='active'
2026-01-07 07:41:25.576 DEBUG [Launchkey_MK4_patched.mappings] Pushing mode 'active' with delay=0.3
2026-01-07 07:41:25.612 DEBUG [Launchkey_MK4_patched.mappings] ENTER activate_note_settings.inner.on_event(); active_steps=[(3.0, 3.25)]
2026-01-07 07:41:25.612 DEBUG [Launchkey_MK4_patched.mappings] Mode check: modes.selected_mode='inactive' encoder_modes.selected_mode='plugin' target='active'
2026-01-07 07:41:25.612 DEBUG [Launchkey_MK4_patched.mappings] Pushing mode 'active' with delay=0.3
2026-01-07 07:41:25.795 DEBUG [Launchkey_MK4_patched.mappings] ENTER activate_note_settings.inner.on_event(); active_steps=[]
2026-01-07 07:41:25.795 DEBUG [Launchkey_MK4_patched.mappings] No active_steps -> modes.pop_mode('active')
2026-01-07 07:41:26.493 DEBUG [Launchkey_MK4_patched.mappings] ENTER activate_note_settings.inner.on_event(); active_steps=[(0.0, 0.25)]
2026-01-07 07:41:26.494 DEBUG [Launchkey_MK4_patched.mappings] Mode check: modes.selected_mode='inactive' encoder_modes.selected_mode='plugin' target='active'
2026-01-07 07:41:26.494 DEBUG [Launchkey_MK4_patched.mappings] Pushing mode 'active' with delay=0.3
2026-01-07 07:41:26.494 DEBUG [Launchkey_MK4_patched.mappings] ENTER activate_note_settings.inner.on_event(); active_steps=[(0.0, 0.25), (1.0, 1.25)]
2026-01-07 07:41:26.494 DEBUG [Launchkey_MK4_patched.mappings] Mode check: modes.selected_mode='inactive' encoder_modes.selected_mode='plugin' target='active'
2026-01-07 07:41:26.494 DEBUG [Launchkey_MK4_patched.mappings] Pushing mode 'active' with delay=0.3
2026-01-07 07:41:26.660 DEBUG [Launchkey_MK4_patched.mappings] ENTER activate_note_settings.inner.on_event(); active_steps=[(0.0, 0.25), (1.0, 1.25), (3.0, 3.25)]
2026-01-07 07:41:26.660 DEBUG [Launchkey_MK4_patched.mappings] Mode check: modes.selected_mode='inactive' encoder_modes.selected_mode='plugin' target='active'
2026-01-07 07:41:26.660 DEBUG [Launchkey_MK4_patched.mappings] Pushing mode 'active' with delay=0.3
2026-01-07 07:41:26.661 DEBUG [Launchkey_MK4_patched.mappings] ENTER activate_note_settings.inner.on_event(); active_steps=[(0.0, 0.25), (1.0, 1.25), (2.0, 2.25), (3.0, 3.25)]
2026-01-07 07:41:26.661 DEBUG [Launchkey_MK4_patched.mappings] Mode check: modes.selected_mode='inactive' encoder_modes.selected_mode='plugin' target='active'
2026-01-07 07:41:26.661 DEBUG [Launchkey_MK4_patched.mappings] Pushing mode 'active' with delay=0.3
2026-01-07 07:41:26.711 DEBUG [Launchkey_MK4_patched.mappings] ENTER activate_note_settings.inner.on_event(); active_steps=[(1.0, 1.25), (2.0, 2.25), (3.0, 3.25)]
2026-01-07 07:41:26.711 DEBUG [Launchkey_MK4_patched.mappings] Mode check: modes.selected_mode='inactive' encoder_modes.selected_mode='plugin' target='active'
2026-01-07 07:41:26.711 DEBUG [Launchkey_MK4_patched.mappings] Pushing mode 'active' with delay=0.3
2026-01-07 07:41:26.729 DEBUG [Launchkey_MK4_patched.mappings] ENTER activate_note_settings.inner.on_event(); active_steps=[(2.0, 2.25), (3.0, 3.25)]
2026-01-07 07:41:26.729 DEBUG [Launchkey_MK4_patched.mappings] Mode check: modes.selected_mode='inactive' encoder_modes.selected_mode='plugin' target='active'
2026-01-07 07:41:26.729 DEBUG [Launchkey_MK4_patched.mappings] Pushing mode 'active' with delay=0.3
2026-01-07 07:41:26.927 DEBUG [Launchkey_MK4_patched.mappings] ENTER activate_note_settings.inner.on_event(); active_steps=[(2.0, 2.25)]
2026-01-07 07:41:26.928 DEBUG [Launchkey_MK4_patched.mappings] Mode check: modes.selected_mode='inactive' encoder_modes.selected_mode='plugin' target='active'
2026-01-07 07:41:26.928 DEBUG [Launchkey_MK4_patched.mappings] Pushing mode 'active' with delay=0.3
2026-01-07 07:41:26.929 DEBUG [Launchkey_MK4_patched.mappings] ENTER activate_note_settings.inner.on_event(); active_steps=[]
2026-01-07 07:41:26.929 DEBUG [Launchkey_MK4_patched.mappings] No active_steps -> modes.pop_mode('active')
2026-01-07 07:45:48.206 DEBUG [Launchkey_MK4_patched.mappings] Logger initialized. Log path: C:\ProgramData\Ableton\Live 12 Suite\Resources\MIDI Remote Scripts\Launchkey_MK4_patched\launchkey_mk4_mappings.log
2026-01-07 07:45:51.483 DEBUG [Launchkey_MK4_patched.mappings] ENTER create_launchkey_common_mappings(control_surface=<Launchkey_Mini_MK4_patched.Launchkey_Mini_MK4 object at 0x0000000024782F50>)
2026-01-07 07:45:51.483 DEBUG [Launchkey_MK4_patched.mappings] Initialized mappings dict
2026-01-07 07:45:51.483 DEBUG [Launchkey_MK4_patched.mappings] Configured mappings['View_Based_Recording']
2026-01-07 07:45:51.483 DEBUG [Launchkey_MK4_patched.mappings] Configured mappings['Scale']
2026-01-07 07:45:51.483 DEBUG [Launchkey_MK4_patched.mappings] Configured mappings['Keyboard']
2026-01-07 07:45:51.483 DEBUG [Launchkey_MK4_patched.mappings] Configured mappings['Encoder_Touch']
2026-01-07 07:45:51.483 DEBUG [Launchkey_MK4_patched.mappings] Configured mappings['Lower_Pad_Modes']
2026-01-07 07:45:51.488 DEBUG [Launchkey_MK4_patched.mappings] Configured mappings['Sequencer_Modes']
2026-01-07 07:45:51.488 DEBUG [Launchkey_MK4_patched.mappings] Configured mappings['Daw_Pad_Modes']
2026-01-07 07:45:51.489 DEBUG [Launchkey_MK4_patched.mappings] Configured mappings['Main_Pad_Modes']
2026-01-07 07:45:51.489 DEBUG [Launchkey_MK4_patched.mappings] Configured mappings['Mixer_Encoder_Modes']
2026-01-07 07:45:51.489 DEBUG [Launchkey_MK4_patched.mappings] ENTER set_relative_encoder_mode(control_surface=<Launchkey_Mini_MK4_patched.Launchkey_Mini_MK4 object at 0x0000000024782F50>)
2026-01-07 07:45:51.489 DEBUG [Launchkey_MK4_patched.mappings] RETURN set_relative_encoder_mode._send closure
2026-01-07 07:45:51.489 DEBUG [Launchkey_MK4_patched.mappings] ENTER make_relative_encoder_mode_behavior(control_surface=<Launchkey_Mini_MK4_patched.Launchkey_Mini_MK4 object at 0x0000000024782F50>)
2026-01-07 07:45:51.489 DEBUG [Launchkey_MK4_patched.mappings] Creating reenter behaviour with ImmediateBehaviour and on_reenter=set_relative_encoder_mode(...)
2026-01-07 07:45:51.489 DEBUG [Launchkey_MK4_patched.mappings] ENTER set_relative_encoder_mode(control_surface=<Launchkey_Mini_MK4_patched.Launchkey_Mini_MK4 object at 0x0000000024782F50>)
2026-01-07 07:45:51.489 DEBUG [Launchkey_MK4_patched.mappings] RETURN set_relative_encoder_mode._send closure
2026-01-07 07:45:51.489 DEBUG [Launchkey_MK4_patched.mappings] Reenter behaviour created: <ableton.v2.base.util.Mixin_ReenterBehaviourMixin_ImmediateBehaviour object at 0x000000002ECCDF10>
2026-01-07 07:45:51.489 DEBUG [Launchkey_MK4_patched.mappings] ENTER set_relative_encoder_mode(control_surface=<Launchkey_Mini_MK4_patched.Launchkey_Mini_MK4 object at 0x0000000024782F50>)
2026-01-07 07:45:51.489 DEBUG [Launchkey_MK4_patched.mappings] RETURN set_relative_encoder_mode._send closure
2026-01-07 07:45:51.489 DEBUG [Launchkey_MK4_patched.mappings] ENTER make_relative_encoder_mode_behavior(control_surface=<Launchkey_Mini_MK4_patched.Launchkey_Mini_MK4 object at 0x0000000024782F50>)
2026-01-07 07:45:51.489 DEBUG [Launchkey_MK4_patched.mappings] Creating reenter behaviour with ImmediateBehaviour and on_reenter=set_relative_encoder_mode(...)
2026-01-07 07:45:51.489 DEBUG [Launchkey_MK4_patched.mappings] ENTER set_relative_encoder_mode(control_surface=<Launchkey_Mini_MK4_patched.Launchkey_Mini_MK4 object at 0x0000000024782F50>)
2026-01-07 07:45:51.489 DEBUG [Launchkey_MK4_patched.mappings] RETURN set_relative_encoder_mode._send closure
2026-01-07 07:45:51.489 DEBUG [Launchkey_MK4_patched.mappings] Reenter behaviour created: <ableton.v2.base.util.Mixin_ReenterBehaviourMixin_ImmediateBehaviour object at 0x000000002ECCE250>
2026-01-07 07:45:51.490 DEBUG [Launchkey_MK4_patched.mappings] ENTER set_relative_encoder_mode(control_surface=<Launchkey_Mini_MK4_patched.Launchkey_Mini_MK4 object at 0x0000000024782F50>)
2026-01-07 07:45:51.490 DEBUG [Launchkey_MK4_patched.mappings] RETURN set_relative_encoder_mode._send closure
2026-01-07 07:45:51.490 DEBUG [Launchkey_MK4_patched.mappings] ENTER make_relative_encoder_mode_behavior(control_surface=<Launchkey_Mini_MK4_patched.Launchkey_Mini_MK4 object at 0x0000000024782F50>)
2026-01-07 07:45:51.490 DEBUG [Launchkey_MK4_patched.mappings] Creating reenter behaviour with ImmediateBehaviour and on_reenter=set_relative_encoder_mode(...)
2026-01-07 07:45:51.490 DEBUG [Launchkey_MK4_patched.mappings] ENTER set_relative_encoder_mode(control_surface=<Launchkey_Mini_MK4_patched.Launchkey_Mini_MK4 object at 0x0000000024782F50>)
2026-01-07 07:45:51.490 DEBUG [Launchkey_MK4_patched.mappings] RETURN set_relative_encoder_mode._send closure
2026-01-07 07:45:51.490 DEBUG [Launchkey_MK4_patched.mappings] Reenter behaviour created: <ableton.v2.base.util.Mixin_ReenterBehaviourMixin_ImmediateBehaviour object at 0x000000002ECCE4D0>
2026-01-07 07:45:51.490 DEBUG [Launchkey_MK4_patched.mappings] Configured mappings['Main_Encoder_Modes']
2026-01-07 07:45:51.490 DEBUG [Launchkey_MK4_patched.mappings] ENTER activate_note_settings(control_surface=<Launchkey_Mini_MK4_patched.Launchkey_Mini_MK4 object at 0x0000000024782F50>)
2026-01-07 07:45:51.490 DEBUG [Launchkey_MK4_patched.mappings] Resolving note_editor: component_map['Step_Sequence'].note_editor
2026-01-07 07:45:51.492 DEBUG [Launchkey_MK4_patched.mappings] note_editor resolved: <Launchkey_MK4_patched.note_editor.NoteEditorComponent object at 0x0000000023EAF850>
2026-01-07 07:45:51.493 DEBUG [Launchkey_MK4_patched.mappings] RETURN activate_note_settings.inner closure
2026-01-07 07:45:51.493 DEBUG [Launchkey_MK4_patched.mappings] Configured mappings['Note_Settings_Modes']
2026-01-07 07:45:51.493 DEBUG [Launchkey_MK4_patched.mappings] RETURN create_launchkey_common_mappings mappings (keys=['View_Based_Recording', 'Scale', 'Keyboard', 'Encoder_Touch', 'Lower_Pad_Modes', 'Sequencer_Modes', 'Daw_Pad_Modes', 'Main_Pad_Modes', 'Mixer_Encoder_Modes', 'Main_Encoder_Modes', 'Note_Settings_Modes'])
2026-01-07 07:45:51.519 DEBUG [Launchkey_MK4_patched.mappings] ENTER activate_note_settings.inner(modes=<ableton.v3.control_surface.mode.modes.ModesComponent object at 0x000000002ED17DD0>, mode_name='active')
2026-01-07 07:45:51.519 DEBUG [Launchkey_MK4_patched.mappings] Resolving encoder_modes: component_map['Main_Encoder_Modes']
2026-01-07 07:45:51.519 DEBUG [Launchkey_MK4_patched.mappings] encoder_modes resolved: <Launchkey_MK4_patched.launchkey_modes.LaunchkeyModesComponent object at 0x0000000024782A50>
2026-01-07 07:45:51.519 DEBUG [Launchkey_MK4_patched.mappings] Registering slot: note_editor 'active_steps' -> on_event
2026-01-07 07:45:51.519 DEBUG [Launchkey_MK4_patched.mappings] Slot registered successfully
2026-01-07 07:45:51.519 DEBUG [Launchkey_MK4_patched.mappings] CALL _note_settings_inactive -> schedule_message(delay=0.3, cancel_temp_screens, elements)
2026-01-07 07:45:54.389 DEBUG [Launchkey_MK4_patched.mappings] ENTER set_relative_encoder_mode._send(); sending SET_RELATIVE_ENCODER_MODE=(182, 69, 127)
2026-01-07 07:45:54.389 DEBUG [Launchkey_MK4_patched.mappings] send_midi(SET_RELATIVE_ENCODER_MODE) completed
2026-01-07 07:45:55.038 DEBUG [Launchkey_MK4_patched.mappings] ENTER set_relative_encoder_mode._send(); sending SET_RELATIVE_ENCODER_MODE=(182, 69, 127)
2026-01-07 07:45:55.038 DEBUG [Launchkey_MK4_patched.mappings] send_midi(SET_RELATIVE_ENCODER_MODE) completed
2026-01-07 07:45:55.470 DEBUG [Launchkey_MK4_patched.mappings] ENTER set_relative_encoder_mode._send(); sending SET_RELATIVE_ENCODER_MODE=(182, 69, 127)
2026-01-07 07:45:55.470 DEBUG [Launchkey_MK4_patched.mappings] send_midi(SET_RELATIVE_ENCODER_MODE) completed
