2026-01-07 07:39:03.962 DEBUG [Launchkey_MK4_patched.scale] Logger initialized. Log path: C:\ProgramData\Ableton\Live 12 Suite\Resources\MIDI Remote Scripts\Launchkey_MK4_patched\launchkey_mk4_scale.log
2026-01-07 07:39:03.963 DEBUG [Launchkey_MK4_patched.scale] Building SCALE_NAMES from Live.Song.get_all_scales_ordered()
2026-01-07 07:39:03.964 DEBUG [Launchkey_MK4_patched.scale] Live.Song.get_all_scales_ordered() returned 35 items
2026-01-07 07:39:03.964 DEBUG [Launchkey_MK4_patched.scale] SCALE_NAMES built (len=31)
2026-01-07 07:39:44.665 DEBUG [Launchkey_MK4_patched.scale] ENTER ScaleComponent.__init__(a=(), k={'is_enabled': False})
2026-01-07 07:39:44.665 DEBUG [Launchkey_MK4_patched.scale] super().__init__ completed; self.song=<Song.Song object at 0x000000002474CF40>
2026-01-07 07:39:44.666 DEBUG [Launchkey_MK4_patched.scale] Creating _update_scale_type_control_task
2026-01-07 07:39:44.666 DEBUG [Launchkey_MK4_patched.scale] ENTER make_task(fn=<bound method ScaleComponent._update_scale_type_control of <Launchkey_MK4_patched.scale.ScaleComponent object at 0x0000000024689650>>)
2026-01-07 07:39:44.666 DEBUG [Launchkey_MK4_patched.scale] Task created: <ableton.v2.base.task.SequenceTask object at 0x000000004A4F21D0>; killing initially
2026-01-07 07:39:44.666 DEBUG [Launchkey_MK4_patched.scale] Creating _update_root_note_control_task
2026-01-07 07:39:44.666 DEBUG [Launchkey_MK4_patched.scale] ENTER make_task(fn=<bound method ScaleComponent._update_root_note_control of <Launchkey_MK4_patched.scale.ScaleComponent object at 0x0000000024689650>>)
2026-01-07 07:39:44.666 DEBUG [Launchkey_MK4_patched.scale] Task created: <ableton.v2.base.task.SequenceTask object at 0x000000004A4F2750>; killing initially
2026-01-07 07:39:44.666 DEBUG [Launchkey_MK4_patched.scale] Binding listeners to song
2026-01-07 07:39:44.666 DEBUG [Launchkey_MK4_patched.scale] Priming listeners by calling them once
2026-01-07 07:39:44.666 DEBUG [Launchkey_MK4_patched.scale] ENTER ScaleComponent.__on_scale_type_changed_in_song() -> restart task
2026-01-07 07:39:44.666 DEBUG [Launchkey_MK4_patched.scale] _update_scale_type_control_task restarted
2026-01-07 07:39:44.666 DEBUG [Launchkey_MK4_patched.scale] ENTER ScaleComponent.__on_root_note_changed_in_song() -> restart task
2026-01-07 07:39:44.666 DEBUG [Launchkey_MK4_patched.scale] _update_root_note_control_task restarted
2026-01-07 07:39:44.666 DEBUG [Launchkey_MK4_patched.scale] ScaleComponent.__init__ completed
2026-01-07 07:39:45.014 DEBUG [Launchkey_MK4_patched.scale] ENTER ScaleComponent._update_scale_type_control()
2026-01-07 07:39:45.014 DEBUG [Launchkey_MK4_patched.scale] song.scale_name='Major'; checking membership in SCALE_NAMES
2026-01-07 07:39:45.014 DEBUG [Launchkey_MK4_patched.scale] Setting scale_type_control.value=1
2026-01-07 07:39:45.014 DEBUG [Launchkey_MK4_patched.scale] ENTER ScaleComponent._update_root_note_control()
2026-01-07 07:39:45.014 DEBUG [Launchkey_MK4_patched.scale] Setting root_note_control.value=0
2026-01-07 07:39:45.313 DEBUG [Launchkey_MK4_patched.scale] ENTER ScaleComponent.scale_type_control(value=1)
2026-01-07 07:39:45.313 DEBUG [Launchkey_MK4_patched.scale] Checking value in range(len(SCALE_NAMES)) (len=31)
2026-01-07 07:39:45.313 DEBUG [Launchkey_MK4_patched.scale] Resolved scale_name='Major' for index=1
2026-01-07 07:39:45.313 DEBUG [Launchkey_MK4_patched.scale] Current song.scale_name='Major'
2026-01-07 07:39:45.313 DEBUG [Launchkey_MK4_patched.scale] ENTER ScaleComponent.scale_type_control(value=1)
2026-01-07 07:39:45.313 DEBUG [Launchkey_MK4_patched.scale] Checking value in range(len(SCALE_NAMES)) (len=31)
2026-01-07 07:39:45.313 DEBUG [Launchkey_MK4_patched.scale] Resolved scale_name='Major' for index=1
2026-01-07 07:39:45.313 DEBUG [Launchkey_MK4_patched.scale] Current song.scale_name='Major'
2026-01-07 07:39:45.313 DEBUG [Launchkey_MK4_patched.scale] ENTER ScaleComponent.root_note_control(value=0)
2026-01-07 07:39:45.313 DEBUG [Launchkey_MK4_patched.scale] Current song.root_note=0
2026-01-07 07:39:45.313 DEBUG [Launchkey_MK4_patched.scale] ENTER ScaleComponent.root_note_control(value=0)
2026-01-07 07:39:45.313 DEBUG [Launchkey_MK4_patched.scale] Current song.root_note=0
2026-01-07 07:45:48.208 DEBUG [Launchkey_MK4_patched.scale] Logger initialized. Log path: C:\ProgramData\Ableton\Live 12 Suite\Resources\MIDI Remote Scripts\Launchkey_MK4_patched\launchkey_mk4_scale.log
2026-01-07 07:45:48.208 DEBUG [Launchkey_MK4_patched.scale] Building SCALE_NAMES from Live.Song.get_all_scales_ordered()
2026-01-07 07:45:48.209 DEBUG [Launchkey_MK4_patched.scale] Live.Song.get_all_scales_ordered() returned 35 items
2026-01-07 07:45:48.209 DEBUG [Launchkey_MK4_patched.scale] SCALE_NAMES built (len=31)
2026-01-07 07:45:51.494 DEBUG [Launchkey_MK4_patched.scale] ENTER ScaleComponent.__init__(a=(), k={'is_enabled': False})
2026-01-07 07:45:51.494 DEBUG [Launchkey_MK4_patched.scale] super().__init__ completed; self.song=<Song.Song object at 0x0000000024703440>
2026-01-07 07:45:51.494 DEBUG [Launchkey_MK4_patched.scale] Creating _update_scale_type_control_task
2026-01-07 07:45:51.494 DEBUG [Launchkey_MK4_patched.scale] ENTER make_task(fn=<bound method ScaleComponent._update_scale_type_control of <Launchkey_MK4_patched.scale.ScaleComponent object at 0x0000000024785DD0>>)
2026-01-07 07:45:51.494 DEBUG [Launchkey_MK4_patched.scale] Task created: <ableton.v2.base.task.SequenceTask object at 0x000000002ECE0B90>; killing initially
2026-01-07 07:45:51.494 DEBUG [Launchkey_MK4_patched.scale] Creating _update_root_note_control_task
2026-01-07 07:45:51.494 DEBUG [Launchkey_MK4_patched.scale] ENTER make_task(fn=<bound method ScaleComponent._update_root_note_control of <Launchkey_MK4_patched.scale.ScaleComponent object at 0x0000000024785DD0>>)
2026-01-07 07:45:51.495 DEBUG [Launchkey_MK4_patched.scale] Task created: <ableton.v2.base.task.SequenceTask object at 0x000000002ECE0FD0>; killing initially
2026-01-07 07:45:51.495 DEBUG [Launchkey_MK4_patched.scale] Binding listeners to song
2026-01-07 07:45:51.495 DEBUG [Launchkey_MK4_patched.scale] Priming listeners by calling them once
2026-01-07 07:45:51.495 DEBUG [Launchkey_MK4_patched.scale] ENTER ScaleComponent.__on_scale_type_changed_in_song() -> restart task
2026-01-07 07:45:51.495 DEBUG [Launchkey_MK4_patched.scale] _update_scale_type_control_task restarted
2026-01-07 07:45:51.495 DEBUG [Launchkey_MK4_patched.scale] ENTER ScaleComponent.__on_root_note_changed_in_song() -> restart task
2026-01-07 07:45:51.495 DEBUG [Launchkey_MK4_patched.scale] _update_root_note_control_task restarted
2026-01-07 07:45:51.495 DEBUG [Launchkey_MK4_patched.scale] ScaleComponent.__init__ completed
2026-01-07 07:45:53.841 DEBUG [Launchkey_MK4_patched.scale] ENTER ScaleComponent._update_scale_type_control()
2026-01-07 07:45:53.841 DEBUG [Launchkey_MK4_patched.scale] song.scale_name='Major'; checking membership in SCALE_NAMES
2026-01-07 07:45:53.841 DEBUG [Launchkey_MK4_patched.scale] Setting scale_type_control.value=1
2026-01-07 07:45:53.841 DEBUG [Launchkey_MK4_patched.scale] ENTER ScaleComponent._update_root_note_control()
2026-01-07 07:45:53.842 DEBUG [Launchkey_MK4_patched.scale] Setting root_note_control.value=0
2026-01-07 07:45:54.068 DEBUG [Launchkey_MK4_patched.scale] ENTER ScaleComponent.scale_type_control(value=1)
2026-01-07 07:45:54.068 DEBUG [Launchkey_MK4_patched.scale] Checking value in range(len(SCALE_NAMES)) (len=31)
2026-01-07 07:45:54.068 DEBUG [Launchkey_MK4_patched.scale] Resolved scale_name='Major' for index=1
2026-01-07 07:45:54.068 DEBUG [Launchkey_MK4_patched.scale] Current song.scale_name='Major'
2026-01-07 07:45:54.068 DEBUG [Launchkey_MK4_patched.scale] ENTER ScaleComponent.scale_type_control(value=1)
2026-01-07 07:45:54.069 DEBUG [Launchkey_MK4_patched.scale] Checking value in range(len(SCALE_NAMES)) (len=31)
2026-01-07 07:45:54.069 DEBUG [Launchkey_MK4_patched.scale] Resolved scale_name='Major' for index=1
2026-01-07 07:45:54.069 DEBUG [Launchkey_MK4_patched.scale] Current song.scale_name='Major'
2026-01-07 07:45:54.070 DEBUG [Launchkey_MK4_patched.scale] ENTER ScaleComponent.root_note_control(value=0)
2026-01-07 07:45:54.071 DEBUG [Launchkey_MK4_patched.scale] Current song.root_note=0
2026-01-07 07:45:54.071 DEBUG [Launchkey_MK4_patched.scale] ENTER ScaleComponent.root_note_control(value=0)
2026-01-07 07:45:54.071 DEBUG [Launchkey_MK4_patched.scale] Current song.root_note=0
2026-01-07 07:45:54.660 DEBUG [Launchkey_MK4_patched.scale] ENTER ScaleComponent.scale_type_control(value=1)
2026-01-07 07:45:54.661 DEBUG [Launchkey_MK4_patched.scale] Checking value in range(len(SCALE_NAMES)) (len=31)
2026-01-07 07:45:54.661 DEBUG [Launchkey_MK4_patched.scale] Resolved scale_name='Major' for index=1
2026-01-07 07:45:54.661 DEBUG [Launchkey_MK4_patched.scale] Current song.scale_name='Major'
2026-01-07 07:45:54.661 DEBUG [Launchkey_MK4_patched.scale] ENTER ScaleComponent.scale_type_control(value=1)
2026-01-07 07:45:54.661 DEBUG [Launchkey_MK4_patched.scale] Checking value in range(len(SCALE_NAMES)) (len=31)
2026-01-07 07:45:54.661 DEBUG [Launchkey_MK4_patched.scale] Resolved scale_name='Major' for index=1
2026-01-07 07:45:54.661 DEBUG [Launchkey_MK4_patched.scale] Current song.scale_name='Major'
2026-01-07 07:45:54.661 DEBUG [Launchkey_MK4_patched.scale] ENTER ScaleComponent.root_note_control(value=0)
2026-01-07 07:45:54.662 DEBUG [Launchkey_MK4_patched.scale] Current song.root_note=0
2026-01-07 07:45:54.662 DEBUG [Launchkey_MK4_patched.scale] ENTER ScaleComponent.root_note_control(value=0)
2026-01-07 07:45:54.662 DEBUG [Launchkey_MK4_patched.scale] Current song.root_note=0
2026-01-07 07:45:55.279 DEBUG [Launchkey_MK4_patched.scale] ENTER ScaleComponent.scale_type_control(value=1)
2026-01-07 07:45:55.279 DEBUG [Launchkey_MK4_patched.scale] Checking value in range(len(SCALE_NAMES)) (len=31)
2026-01-07 07:45:55.279 DEBUG [Launchkey_MK4_patched.scale] Resolved scale_name='Major' for index=1
2026-01-07 07:45:55.279 DEBUG [Launchkey_MK4_patched.scale] Current song.scale_name='Major'
2026-01-07 07:45:55.279 DEBUG [Launchkey_MK4_patched.scale] ENTER ScaleComponent.scale_type_control(value=1)
2026-01-07 07:45:55.279 DEBUG [Launchkey_MK4_patched.scale] Checking value in range(len(SCALE_NAMES)) (len=31)
2026-01-07 07:45:55.279 DEBUG [Launchkey_MK4_patched.scale] Resolved scale_name='Major' for index=1
2026-01-07 07:45:55.279 DEBUG [Launchkey_MK4_patched.scale] Current song.scale_name='Major'
2026-01-07 07:45:55.279 DEBUG [Launchkey_MK4_patched.scale] ENTER ScaleComponent.root_note_control(value=0)
2026-01-07 07:45:55.279 DEBUG [Launchkey_MK4_patched.scale] Current song.root_note=0
2026-01-07 07:45:55.279 DEBUG [Launchkey_MK4_patched.scale] ENTER ScaleComponent.root_note_control(value=0)
2026-01-07 07:45:55.279 DEBUG [Launchkey_MK4_patched.scale] Current song.root_note=0
